// Vitest Snapshot v1

exports[`[Temp] render > renders without crashing 1`] = `
<div
  style={
    {
      "flex": 1,
      "textAlign": "center",
      "width": "100vw",
    }
  }
>
  <div
    className="css-10njcwo"
  >
    <button
      className="css-wnig0z"
      onClick={[Function]}
      style={
        {
          "display": "flex",
          "height": "60px",
        }
      }
    >
      <div
        className="css-qfy95"
      >
        <span
          className="css-6apmke"
        >
          back to tab page
        </span>
      </div>
    </button>
  </div>
</div>
`;
