// Vitest Snapshot v1

exports[`[SwitchNavigator] rendering > should renders without crashing 1`] = `
<body>
  <div>
    <div
      style="text-align: center; flex: 1; width: 100vw;"
    >
      <div
        class="css-1nvx4il"
      >
        <div
          class="css-1vx0ptc"
        >
          <span
            class="css-1l2m8ze"
          />
          <span
            class="css-1l2m8ze"
          />
          <span
            class="css-1l2m8ze"
          />
        </div>
        <div
          class="css-1j4jnb0"
        >
          <button
            class="css-wnig0z"
            data-testid="SIGN_IN"
            style="display: flex; height: 60px;"
          >
            <div
              class="css-qfy95"
            >
              <img
                class="css-1oidkpf"
                src="/assets/icons/ic-google-white@3x.png"
              />
              <span
                class="css-6apmke"
              />
            </div>
          </button>
          <button
            class="css-wnig0z"
            style="display: flex; height: 60px;"
          >
            <div
              class="css-qfy95"
            >
              <span
                class="css-6apmke"
              />
            </div>
          </button>
          <button
            class="css-wnig0z"
            data-testid="CHANGE_THEME"
            style="display: flex; height: 60px;"
          >
            <div
              class="css-qfy95"
            >
              <span
                class="css-6apmke"
              />
            </div>
          </button>
        </div>
      </div>
    </div>
  </div>
</body>
`;
