// Jest Snapshot v1, https://goo.gl/fbAQLP

exports[`[Intro] screen rendering test should render outer component and snapshot matches 1`] = `
<div
  className="sc-EHOje bnuiUQ"
>
  <div
    className="sc-bZQynM iahEzA"
  >
    <span
      className="sc-htoDjs hdqfnc"
    >
      
    </span>
    <span
      className="sc-htoDjs hdqfnc"
    >
      
    </span>
    <span
      className="sc-htoDjs hdqfnc"
    >
      
    </span>
  </div>
  <div
    className="sc-gzVnrw gqpNDZ"
  >
    <button
      className="sc-bdVaJa jAKSux"
      onClick={[Function]}
      style={
        Object {
          "height": "60px",
        }
      }
    >
      <div>
        <img
          className="sc-bxivhb gzWPeD"
          src="test-file-stub"
        />
        <span
          className="sc-htpNat gUfFlb"
          style={
            Object {
              "color": "white",
            }
          }
        >
          Login
        </span>
      </div>
    </button>
    <button
      className="sc-bwzfXH jGtnoc"
      onClick={[Function]}
      style={
        Object {
          "height": "60px",
        }
      }
    >
      <div>
        <span
          className="sc-htpNat gUfFlb"
        >
          Navigate
        </span>
      </div>
    </button>
  </div>
</div>
`;
