// Jest Snapshot v1, https://goo.gl/fbAQLP

exports[`[Temp] render renders without crashing 1`] = `
<div
  className="sc-EHOje dSOLHa"
>
  <button
    className="sc-bdVaJa jAKSux"
    onClick={[Function]}
    style={
      Object {
        "height": "60px",
      }
    }
  >
    <div>
      <span
        className="sc-htpNat gUfFlb"
        style={
          Object {
            "color": "white",
          }
        }
      >
        back to tab page
      </span>
    </div>
  </button>
</div>
`;
